name: "Empty"
superclass: none
instance variables:
  [  ]
instance methods:
class variables:
  [  ]
class methods:
