name: "HasSuperclass"
superclass: "TheSuperclassName"
instance variables:
  [  ]
instance methods:
class variables:
  [  ]
class methods:
