name: "SymbolsTest"
superclass: none
instance variables:
  [  ]
instance methods:
  (UnaryMethod "run"
    (Symbol abc)
    (Symbol abc)
    (Symbol abc1)
    (Symbol abc1)
    (Symbol foo:)
    (Symbol foo:)
    (Symbol foo:bar:baz:)
    (Symbol foo:bar:baz:)
  )
class variables:
  [  ]
class methods:
