Identifier HasSuperclass
Equal
Identifier TheSuperclassName
NewTerm
EndTerm
